// Jest Snapshot v1, https://goo.gl/fbAQLP

exports[`Este modulo hace testing de <GifItem/> debe hacer match con el snapshot 1`] = `
<div>
  <div
    class="card"
  >
    <img
      alt="Título de prueba"
      src="https://media.giphy.com/media/example/giphy.gif"
    />
    <li>
      Título de prueba
    </li>
    ;
  </div>
</div>
`;
