// Jest Snapshot v1, https://goo.gl/fbAQLP

exports[`Pruebas de <CounterApp/> debe de hacer match con el snapshot 1`] = `
<div>
  <h1>
    CounterApp
  </h1>
  <h2
    data-testid="counter"
  >
     
    10
     
  </h2>
  <button
    aria-label="btn-add"
  >
    +1
  </button>
  <button
    aria-label="btn-decrease"
  >
    -1
  </button>
  <button
    aria-label="btn-reset"
  >
    Reset
  </button>
</div>
`;
