// Jest Snapshot v1, https://goo.gl/fbAQLP

exports[`Pruebas en <FirstApp2/> debe de hacer match con el snapshot 1`] = `
<div>
  <h1
    data-testid="test-title"
  >
    Hola, soy Kakaroto
  </h1>
  <p />
  <p>
    Prueba de comp
  </p>
</div>
`;
